// Jest Snapshot v1, https://goo.gl/fbAQLP

exports[`rmrk2.0.0 Consolidator: ACCEPT Accept a child NFT on a NFT 1`] = `
Object {
  "bases": Object {},
  "collections": Object {
    "d43593c715a56da27d-KANARIABIRDS": Collection {
      "block": 2,
      "changes": Array [],
      "id": "d43593c715a56da27d-KANARIABIRDS",
      "issuer": "HNZata7iMYWmk5RvZRTiAsSDhV8366zq2YGb3tLH5Upf74F",
      "max": 0,
      "metadata": "https://some.url",
      "symbol": "KANARIABIRDS",
    },
  },
  "invalid": Array [],
  "nfts": Object {
    "3-d43593c715a56da27d-KANARIABIRDS-KANR-00000777": Object {
      "block": 3,
      "burned": "",
      "changes": Array [],
      "children": Array [
        Object {
          "equipped": "",
          "id": "4-d43593c715a56da27d-KANARIABIRDS-KANR-00000888",
          "pending": false,
        },
      ],
      "collection": "d43593c715a56da27d-KANARIABIRDS",
      "forsale": 0n,
      "id": "3-d43593c715a56da27d-KANARIABIRDS-KANR-00000777",
      "metadata": undefined,
      "owner": "HNZata7iMYWmk5RvZRTiAsSDhV8366zq2YGb3tLH5Upf74F",
      "pending": false,
      "priority": Array [],
      "properties": Object {},
      "reactions": Object {},
      "resources": Array [],
      "rootowner": "HNZata7iMYWmk5RvZRTiAsSDhV8366zq2YGb3tLH5Upf74F",
      "sn": "00000777",
      "symbol": "KANR",
      "transferable": 1,
    },
    "4-d43593c715a56da27d-KANARIABIRDS-KANR-00000888": Object {
      "block": 4,
      "burned": "",
      "changes": Array [
        Object {
          "block": 5,
          "caller": "FoQJpPyadYccjavVdTWxpxU7rUEaYhfLCPwXgkfD6Zat9QP",
          "field": "owner",
          "new": "3-d43593c715a56da27d-KANARIABIRDS-KANR-00000777",
          "old": "FoQJpPyadYccjavVdTWxpxU7rUEaYhfLCPwXgkfD6Zat9QP",
          "opType": "SEND",
        },
      ],
      "children": Array [],
      "collection": "d43593c715a56da27d-KANARIABIRDS",
      "forsale": 0n,
      "id": "4-d43593c715a56da27d-KANARIABIRDS-KANR-00000888",
      "metadata": undefined,
      "owner": "3-d43593c715a56da27d-KANARIABIRDS-KANR-00000777",
      "pending": false,
      "priority": Array [],
      "properties": Object {},
      "reactions": Object {},
      "resources": Array [],
      "rootowner": "HNZata7iMYWmk5RvZRTiAsSDhV8366zq2YGb3tLH5Upf74F",
      "sn": "00000888",
      "symbol": "KANR",
      "transferable": 1,
    },
  },
}
`;

exports[`rmrk2.0.0 Consolidator: ACCEPT Should invalidate accept if NFT doesn't exist 1`] = `
Object {
  "bases": Object {},
  "collections": Object {
    "d43593c715a56da27d-KANARIABIRDS": Collection {
      "block": 2,
      "changes": Array [],
      "id": "d43593c715a56da27d-KANARIABIRDS",
      "issuer": "HNZata7iMYWmk5RvZRTiAsSDhV8366zq2YGb3tLH5Upf74F",
      "max": 0,
      "metadata": "https://some.url",
      "symbol": "KANARIABIRDS",
    },
  },
  "invalid": Array [
    Object {
      "block": 6,
      "caller": "FoQJpPyadYccjavVdTWxpxU7rUEaYhfLCPwXgkfD6Zat9QP",
      "message": "[ACCEPT] Attempting to accept RES on a non-existant NFT 4-d43593c715a56da27d-KANARIABIRDS-KANR-00000777",
      "object_id": "4-d43593c715a56da27d-KANARIABIRDS-KANR-00000777",
      "op_type": "ACCEPT",
    },
  ],
  "nfts": Object {
    "3-d43593c715a56da27d-KANARIABIRDS-KANR-00000777": Object {
      "block": 3,
      "burned": "",
      "changes": Array [
        Object {
          "block": 4,
          "caller": "HNZata7iMYWmk5RvZRTiAsSDhV8366zq2YGb3tLH5Upf74F",
          "field": "owner",
          "new": "FoQJpPyadYccjavVdTWxpxU7rUEaYhfLCPwXgkfD6Zat9QP",
          "old": "HNZata7iMYWmk5RvZRTiAsSDhV8366zq2YGb3tLH5Upf74F",
          "opType": "SEND",
        },
      ],
      "children": Array [],
      "collection": "d43593c715a56da27d-KANARIABIRDS",
      "forsale": 0n,
      "id": "3-d43593c715a56da27d-KANARIABIRDS-KANR-00000777",
      "metadata": undefined,
      "owner": "FoQJpPyadYccjavVdTWxpxU7rUEaYhfLCPwXgkfD6Zat9QP",
      "pending": false,
      "priority": Array [],
      "properties": Object {},
      "reactions": Object {},
      "resources": Array [
        Object {
          "id": "jXhhR",
          "metadata": "ipfs://ipfs/123",
          "pending": true,
        },
      ],
      "rootowner": "FoQJpPyadYccjavVdTWxpxU7rUEaYhfLCPwXgkfD6Zat9QP",
      "sn": "00000777",
      "symbol": "KANR",
      "transferable": 1,
    },
  },
}
`;

exports[`rmrk2.0.0 Consolidator: ACCEPT Should invalidate accept if NFT is burned 1`] = `
Object {
  "bases": Object {},
  "collections": Object {
    "d43593c715a56da27d-KANARIABIRDS": Collection {
      "block": 2,
      "changes": Array [],
      "id": "d43593c715a56da27d-KANARIABIRDS",
      "issuer": "HNZata7iMYWmk5RvZRTiAsSDhV8366zq2YGb3tLH5Upf74F",
      "max": 0,
      "metadata": "https://some.url",
      "symbol": "KANARIABIRDS",
    },
  },
  "invalid": Array [
    Object {
      "block": 7,
      "caller": "FoQJpPyadYccjavVdTWxpxU7rUEaYhfLCPwXgkfD6Zat9QP",
      "message": "[ACCEPT] Attempting to accept RES on burned NFT 3-d43593c715a56da27d-KANARIABIRDS-KANR-00000777",
      "object_id": "3-d43593c715a56da27d-KANARIABIRDS-KANR-00000777",
      "op_type": "ACCEPT",
    },
  ],
  "nfts": Object {
    "3-d43593c715a56da27d-KANARIABIRDS-KANR-00000777": Object {
      "block": 3,
      "burned": "true",
      "changes": Array [
        Object {
          "block": 4,
          "caller": "HNZata7iMYWmk5RvZRTiAsSDhV8366zq2YGb3tLH5Upf74F",
          "field": "owner",
          "new": "FoQJpPyadYccjavVdTWxpxU7rUEaYhfLCPwXgkfD6Zat9QP",
          "old": "HNZata7iMYWmk5RvZRTiAsSDhV8366zq2YGb3tLH5Upf74F",
          "opType": "SEND",
        },
        Object {
          "block": 6,
          "caller": "FoQJpPyadYccjavVdTWxpxU7rUEaYhfLCPwXgkfD6Zat9QP",
          "field": "burned",
          "new": "true",
          "old": "",
          "opType": "BURN",
        },
        Object {
          "block": 6,
          "caller": "FoQJpPyadYccjavVdTWxpxU7rUEaYhfLCPwXgkfD6Zat9QP",
          "field": "forsale",
          "new": 0n,
          "old": 0n,
          "opType": "BURN",
        },
      ],
      "children": Array [],
      "collection": "d43593c715a56da27d-KANARIABIRDS",
      "equipped": "",
      "forsale": 0n,
      "id": "3-d43593c715a56da27d-KANARIABIRDS-KANR-00000777",
      "metadata": undefined,
      "owner": "FoQJpPyadYccjavVdTWxpxU7rUEaYhfLCPwXgkfD6Zat9QP",
      "pending": false,
      "priority": Array [],
      "properties": Object {},
      "reactions": Object {},
      "resources": Array [
        Object {
          "id": "jXhhR",
          "metadata": "ipfs://ipfs/123",
          "pending": true,
        },
      ],
      "rootowner": "FoQJpPyadYccjavVdTWxpxU7rUEaYhfLCPwXgkfD6Zat9QP",
      "sn": "00000777",
      "symbol": "KANR",
      "transferable": 1,
    },
  },
}
`;
