// Jest Snapshot v1, https://goo.gl/fbAQLP

exports[`rmrk2.0.0 Consolidator: DESTROY Should DESTROY a Collection 1`] = `
Object {
  "bases": Object {},
  "collections": Object {},
  "invalid": Array [],
  "nfts": Object {
    "3-d43593c715a56da27d-KANARIABIRDS-KANR-00000777": Object {
      "block": 3,
      "burned": "true",
      "changes": Array [
        Object {
          "block": 4,
          "caller": "HNZata7iMYWmk5RvZRTiAsSDhV8366zq2YGb3tLH5Upf74F",
          "field": "burned",
          "new": "true",
          "old": "",
          "opType": "BURN",
        },
        Object {
          "block": 4,
          "caller": "HNZata7iMYWmk5RvZRTiAsSDhV8366zq2YGb3tLH5Upf74F",
          "field": "forsale",
          "new": 0n,
          "old": 0n,
          "opType": "BURN",
        },
      ],
      "children": Array [],
      "collection": "d43593c715a56da27d-KANARIABIRDS",
      "equipped": "",
      "forsale": 0n,
      "id": "3-d43593c715a56da27d-KANARIABIRDS-KANR-00000777",
      "metadata": undefined,
      "owner": "HNZata7iMYWmk5RvZRTiAsSDhV8366zq2YGb3tLH5Upf74F",
      "pending": false,
      "priority": Array [],
      "properties": Object {},
      "reactions": Object {},
      "resources": Array [],
      "rootowner": "HNZata7iMYWmk5RvZRTiAsSDhV8366zq2YGb3tLH5Upf74F",
      "sn": "00000777",
      "symbol": "KANR",
      "transferable": 1,
    },
  },
}
`;

exports[`rmrk2.0.0 Consolidator: DESTROY Should not DESTROY a Collection if it has unburned nft 1`] = `
Object {
  "bases": Object {},
  "collections": Object {
    "d43593c715a56da27d-KANARIABIRDS": Collection {
      "block": 2,
      "changes": Array [],
      "id": "d43593c715a56da27d-KANARIABIRDS",
      "issuer": "HNZata7iMYWmk5RvZRTiAsSDhV8366zq2YGb3tLH5Upf74F",
      "max": 0,
      "metadata": "https://some.url",
      "symbol": "KANARIABIRDS",
    },
  },
  "invalid": Array [
    Object {
      "block": 4,
      "caller": "HNZata7iMYWmk5RvZRTiAsSDhV8366zq2YGb3tLH5Upf74F",
      "message": "[DESTROY] Collection with unburned nfts cannot be destroyed d43593c715a56da27d-KANARIABIRDS",
      "object_id": "d43593c715a56da27d-KANARIABIRDS",
      "op_type": "DESTROY",
    },
  ],
  "nfts": Object {
    "3-d43593c715a56da27d-KANARIABIRDS-KANR-00000777": Object {
      "block": 3,
      "burned": "",
      "changes": Array [],
      "children": Array [],
      "collection": "d43593c715a56da27d-KANARIABIRDS",
      "forsale": 0n,
      "id": "3-d43593c715a56da27d-KANARIABIRDS-KANR-00000777",
      "metadata": undefined,
      "owner": "HNZata7iMYWmk5RvZRTiAsSDhV8366zq2YGb3tLH5Upf74F",
      "pending": false,
      "priority": Array [],
      "properties": Object {},
      "reactions": Object {},
      "resources": Array [],
      "rootowner": "HNZata7iMYWmk5RvZRTiAsSDhV8366zq2YGb3tLH5Upf74F",
      "sn": "00000777",
      "symbol": "KANR",
      "transferable": 1,
    },
  },
}
`;
