// Jest Snapshot v1, https://goo.gl/fbAQLP

exports[`rmrk2.0.0 Consolidator: Send NFT to other NFT Add new NFT as child of first NFT 1`] = `
Object {
  "bases": Object {},
  "collections": Object {
    "d43593c715a56da27d-KANARIABIRDS": Collection {
      "block": 2,
      "changes": Array [],
      "id": "d43593c715a56da27d-KANARIABIRDS",
      "issuer": "HNZata7iMYWmk5RvZRTiAsSDhV8366zq2YGb3tLH5Upf74F",
      "max": 0,
      "metadata": "https://some.url",
      "symbol": "KANARIABIRDS",
    },
  },
  "invalid": Array [],
  "nfts": Object {
    "3-d43593c715a56da27d-KANARIABIRDS-KANR-00000777": Object {
      "block": 3,
      "burned": "",
      "changes": Array [],
      "children": Array [
        Object {
          "equipped": "",
          "id": "4-d43593c715a56da27d-KANARIABIRDS-KANR-00000888",
          "pending": false,
        },
      ],
      "collection": "d43593c715a56da27d-KANARIABIRDS",
      "forsale": 0n,
      "id": "3-d43593c715a56da27d-KANARIABIRDS-KANR-00000777",
      "metadata": undefined,
      "owner": "HNZata7iMYWmk5RvZRTiAsSDhV8366zq2YGb3tLH5Upf74F",
      "pending": false,
      "priority": Array [],
      "properties": Object {},
      "reactions": Object {},
      "resources": Array [],
      "rootowner": "HNZata7iMYWmk5RvZRTiAsSDhV8366zq2YGb3tLH5Upf74F",
      "sn": "00000777",
      "symbol": "KANR",
      "transferable": 1,
    },
    "4-d43593c715a56da27d-KANARIABIRDS-KANR-00000888": Object {
      "block": 4,
      "burned": "",
      "changes": Array [
        Object {
          "block": 5,
          "caller": "HNZata7iMYWmk5RvZRTiAsSDhV8366zq2YGb3tLH5Upf74F",
          "field": "owner",
          "new": "3-d43593c715a56da27d-KANARIABIRDS-KANR-00000777",
          "old": "HNZata7iMYWmk5RvZRTiAsSDhV8366zq2YGb3tLH5Upf74F",
          "opType": "SEND",
        },
      ],
      "children": Array [],
      "collection": "d43593c715a56da27d-KANARIABIRDS",
      "forsale": 0n,
      "id": "4-d43593c715a56da27d-KANARIABIRDS-KANR-00000888",
      "metadata": undefined,
      "owner": "3-d43593c715a56da27d-KANARIABIRDS-KANR-00000777",
      "pending": false,
      "priority": Array [],
      "properties": Object {},
      "reactions": Object {},
      "resources": Array [],
      "rootowner": "HNZata7iMYWmk5RvZRTiAsSDhV8366zq2YGb3tLH5Upf74F",
      "sn": "00000888",
      "symbol": "KANR",
      "transferable": 1,
    },
  },
}
`;

exports[`rmrk2.0.0 Consolidator: Send NFT to other NFT Add new NFT as child of first NFT and then send it to different parent NFT 1`] = `
Object {
  "bases": Object {},
  "collections": Object {
    "d43593c715a56da27d-KANARIABIRDS": Collection {
      "block": 2,
      "changes": Array [],
      "id": "d43593c715a56da27d-KANARIABIRDS",
      "issuer": "HNZata7iMYWmk5RvZRTiAsSDhV8366zq2YGb3tLH5Upf74F",
      "max": 0,
      "metadata": "https://some.url",
      "symbol": "KANARIABIRDS",
    },
  },
  "invalid": Array [],
  "nfts": Object {
    "3-d43593c715a56da27d-KANARIABIRDS-KANR-00000777": Object {
      "block": 3,
      "burned": "",
      "changes": Array [],
      "children": Array [],
      "collection": "d43593c715a56da27d-KANARIABIRDS",
      "forsale": 0n,
      "id": "3-d43593c715a56da27d-KANARIABIRDS-KANR-00000777",
      "metadata": undefined,
      "owner": "HNZata7iMYWmk5RvZRTiAsSDhV8366zq2YGb3tLH5Upf74F",
      "pending": false,
      "priority": Array [],
      "properties": Object {},
      "reactions": Object {},
      "resources": Array [],
      "rootowner": "HNZata7iMYWmk5RvZRTiAsSDhV8366zq2YGb3tLH5Upf74F",
      "sn": "00000777",
      "symbol": "KANR",
      "transferable": 1,
    },
    "4-d43593c715a56da27d-KANARIABIRDS-KANR-00000888": Object {
      "block": 4,
      "burned": "",
      "changes": Array [
        Object {
          "block": 6,
          "caller": "HNZata7iMYWmk5RvZRTiAsSDhV8366zq2YGb3tLH5Upf74F",
          "field": "owner",
          "new": "3-d43593c715a56da27d-KANARIABIRDS-KANR-00000777",
          "old": "HNZata7iMYWmk5RvZRTiAsSDhV8366zq2YGb3tLH5Upf74F",
          "opType": "SEND",
        },
        Object {
          "block": 7,
          "caller": "HNZata7iMYWmk5RvZRTiAsSDhV8366zq2YGb3tLH5Upf74F",
          "field": "owner",
          "new": "5-d43593c715a56da27d-KANARIABIRDS-KANR-00000999",
          "old": "3-d43593c715a56da27d-KANARIABIRDS-KANR-00000777",
          "opType": "SEND",
        },
      ],
      "children": Array [],
      "collection": "d43593c715a56da27d-KANARIABIRDS",
      "forsale": 0n,
      "id": "4-d43593c715a56da27d-KANARIABIRDS-KANR-00000888",
      "metadata": undefined,
      "owner": "5-d43593c715a56da27d-KANARIABIRDS-KANR-00000999",
      "pending": false,
      "priority": Array [],
      "properties": Object {},
      "reactions": Object {},
      "resources": Array [],
      "rootowner": "HNZata7iMYWmk5RvZRTiAsSDhV8366zq2YGb3tLH5Upf74F",
      "sn": "00000888",
      "symbol": "KANR",
      "transferable": 1,
    },
    "5-d43593c715a56da27d-KANARIABIRDS-KANR-00000999": Object {
      "block": 5,
      "burned": "",
      "changes": Array [],
      "children": Array [
        Object {
          "equipped": "",
          "id": "4-d43593c715a56da27d-KANARIABIRDS-KANR-00000888",
          "pending": false,
        },
      ],
      "collection": "d43593c715a56da27d-KANARIABIRDS",
      "forsale": 0n,
      "id": "5-d43593c715a56da27d-KANARIABIRDS-KANR-00000999",
      "metadata": undefined,
      "owner": "HNZata7iMYWmk5RvZRTiAsSDhV8366zq2YGb3tLH5Upf74F",
      "pending": false,
      "priority": Array [],
      "properties": Object {},
      "reactions": Object {},
      "resources": Array [],
      "rootowner": "HNZata7iMYWmk5RvZRTiAsSDhV8366zq2YGb3tLH5Upf74F",
      "sn": "00000999",
      "symbol": "KANR",
      "transferable": 1,
    },
  },
}
`;

exports[`rmrk2.0.0 Consolidator: Send NFT to other NFT Should convert recipient according to passed ss58Format 1`] = `
Object {
  "bases": Object {},
  "collections": Object {
    "d43593c715a56da27d-KANARIABIRDS": Collection {
      "block": 2,
      "changes": Array [],
      "id": "d43593c715a56da27d-KANARIABIRDS",
      "issuer": "5GrwvaEF5zXb26Fz9rcQpDWS57CtERHpNehXCPcNoHGKutQY",
      "max": 0,
      "metadata": "https://some.url",
      "symbol": "KANARIABIRDS",
    },
  },
  "invalid": Array [
    Object {
      "block": 3,
      "caller": "5GrwvaEF5zXb26Fz9rcQpDWS57CtERHpNehXCPcNoHGKutQY",
      "message": "Attempted issue of NFT in non-owned collection. Issuer: 5GrwvaEF5zXb26Fz9rcQpDWS57CtERHpNehXCPcNoHGKutQY, caller: HNZata7iMYWmk5RvZRTiAsSDhV8366zq2YGb3tLH5Upf74F",
      "object_id": "3-d43593c715a56da27d-KANARIABIRDS-KANR-00000777",
      "op_type": "MINT",
    },
    Object {
      "block": 4,
      "caller": "5GrwvaEF5zXb26Fz9rcQpDWS57CtERHpNehXCPcNoHGKutQY",
      "message": "Attempted issue of NFT in non-owned collection. Issuer: 5GrwvaEF5zXb26Fz9rcQpDWS57CtERHpNehXCPcNoHGKutQY, caller: HNZata7iMYWmk5RvZRTiAsSDhV8366zq2YGb3tLH5Upf74F",
      "object_id": "4-d43593c715a56da27d-KANARIABIRDS-KANR-00000888",
      "op_type": "MINT",
    },
    Object {
      "block": 5,
      "caller": "5GrwvaEF5zXb26Fz9rcQpDWS57CtERHpNehXCPcNoHGKutQY",
      "message": "[SEND] Attempting to send non-existant NFT 4-d43593c715a56da27d-KANARIABIRDS-KANR-00000888",
      "object_id": "4-d43593c715a56da27d-KANARIABIRDS-KANR-00000888",
      "op_type": "SEND",
    },
  ],
  "nfts": Object {},
}
`;

exports[`rmrk2.0.0 Consolidator: Send NFT to other NFT Should set NFT as pending if sent from non parent owner 1`] = `
Object {
  "bases": Object {},
  "collections": Object {
    "d43593c715a56da27d-KANARIABIRDS": Collection {
      "block": 2,
      "changes": Array [],
      "id": "d43593c715a56da27d-KANARIABIRDS",
      "issuer": "HNZata7iMYWmk5RvZRTiAsSDhV8366zq2YGb3tLH5Upf74F",
      "max": 0,
      "metadata": "https://some.url",
      "symbol": "KANARIABIRDS",
    },
  },
  "invalid": Array [],
  "nfts": Object {
    "3-d43593c715a56da27d-KANARIABIRDS-KANR-00000777": Object {
      "block": 3,
      "burned": "",
      "changes": Array [],
      "children": Array [
        Object {
          "equipped": "",
          "id": "4-d43593c715a56da27d-KANARIABIRDS-KANR-00000888",
          "pending": true,
        },
      ],
      "collection": "d43593c715a56da27d-KANARIABIRDS",
      "forsale": 0n,
      "id": "3-d43593c715a56da27d-KANARIABIRDS-KANR-00000777",
      "metadata": undefined,
      "owner": "HNZata7iMYWmk5RvZRTiAsSDhV8366zq2YGb3tLH5Upf74F",
      "pending": false,
      "priority": Array [],
      "properties": Object {},
      "reactions": Object {},
      "resources": Array [],
      "rootowner": "HNZata7iMYWmk5RvZRTiAsSDhV8366zq2YGb3tLH5Upf74F",
      "sn": "00000777",
      "symbol": "KANR",
      "transferable": 1,
    },
    "4-d43593c715a56da27d-KANARIABIRDS-KANR-00000888": Object {
      "block": 4,
      "burned": "",
      "changes": Array [
        Object {
          "block": 5,
          "caller": "HNZata7iMYWmk5RvZRTiAsSDhV8366zq2YGb3tLH5Upf74F",
          "field": "owner",
          "new": "FoQJpPyadYccjavVdTWxpxU7rUEaYhfLCPwXgkfD6Zat9QP",
          "old": "HNZata7iMYWmk5RvZRTiAsSDhV8366zq2YGb3tLH5Upf74F",
          "opType": "SEND",
        },
        Object {
          "block": 6,
          "caller": "FoQJpPyadYccjavVdTWxpxU7rUEaYhfLCPwXgkfD6Zat9QP",
          "field": "owner",
          "new": "3-d43593c715a56da27d-KANARIABIRDS-KANR-00000777",
          "old": "FoQJpPyadYccjavVdTWxpxU7rUEaYhfLCPwXgkfD6Zat9QP",
          "opType": "SEND",
        },
      ],
      "children": Array [],
      "collection": "d43593c715a56da27d-KANARIABIRDS",
      "forsale": 0n,
      "id": "4-d43593c715a56da27d-KANARIABIRDS-KANR-00000888",
      "metadata": undefined,
      "owner": "3-d43593c715a56da27d-KANARIABIRDS-KANR-00000777",
      "pending": true,
      "priority": Array [],
      "properties": Object {},
      "reactions": Object {},
      "resources": Array [],
      "rootowner": "HNZata7iMYWmk5RvZRTiAsSDhV8366zq2YGb3tLH5Upf74F",
      "sn": "00000888",
      "symbol": "KANR",
      "transferable": 1,
    },
  },
}
`;

exports[`rmrk2.0.0 Consolidator: Send NFT to other NFT Should set NFT as pending if sent to non owned NFT 1`] = `
Object {
  "bases": Object {},
  "collections": Object {
    "8eaf04151694f26a48-KANARIAGEMS": Collection {
      "block": 5,
      "changes": Array [],
      "id": "8eaf04151694f26a48-KANARIAGEMS",
      "issuer": "FoQJpPyadYccjavVdTWxpxU7rUEaYhfLCPwXgkfD6Zat9QP",
      "max": 0,
      "metadata": "https://some.url",
      "symbol": "KANARIAGEMS",
    },
    "d43593c715a56da27d-KANARIABIRDS": Collection {
      "block": 2,
      "changes": Array [],
      "id": "d43593c715a56da27d-KANARIABIRDS",
      "issuer": "HNZata7iMYWmk5RvZRTiAsSDhV8366zq2YGb3tLH5Upf74F",
      "max": 0,
      "metadata": "https://some.url",
      "symbol": "KANARIABIRDS",
    },
  },
  "invalid": Array [],
  "nfts": Object {
    "3-d43593c715a56da27d-KANARIABIRDS-KANR-00000777": Object {
      "block": 3,
      "burned": "",
      "changes": Array [],
      "children": Array [],
      "collection": "d43593c715a56da27d-KANARIABIRDS",
      "forsale": 0n,
      "id": "3-d43593c715a56da27d-KANARIABIRDS-KANR-00000777",
      "metadata": undefined,
      "owner": "HNZata7iMYWmk5RvZRTiAsSDhV8366zq2YGb3tLH5Upf74F",
      "pending": false,
      "priority": Array [],
      "properties": Object {},
      "reactions": Object {},
      "resources": Array [],
      "rootowner": "HNZata7iMYWmk5RvZRTiAsSDhV8366zq2YGb3tLH5Upf74F",
      "sn": "00000777",
      "symbol": "KANR",
      "transferable": 1,
    },
    "4-d43593c715a56da27d-KANARIABIRDS-KANR-00000888": Object {
      "block": 4,
      "burned": "",
      "changes": Array [
        Object {
          "block": 7,
          "caller": "HNZata7iMYWmk5RvZRTiAsSDhV8366zq2YGb3tLH5Upf74F",
          "field": "owner",
          "new": "6-8eaf04151694f26a48-KANARIAGEMS-KANR-00000999",
          "old": "HNZata7iMYWmk5RvZRTiAsSDhV8366zq2YGb3tLH5Upf74F",
          "opType": "SEND",
        },
      ],
      "children": Array [],
      "collection": "d43593c715a56da27d-KANARIABIRDS",
      "forsale": 0n,
      "id": "4-d43593c715a56da27d-KANARIABIRDS-KANR-00000888",
      "metadata": undefined,
      "owner": "6-8eaf04151694f26a48-KANARIAGEMS-KANR-00000999",
      "pending": true,
      "priority": Array [],
      "properties": Object {},
      "reactions": Object {},
      "resources": Array [],
      "rootowner": "FoQJpPyadYccjavVdTWxpxU7rUEaYhfLCPwXgkfD6Zat9QP",
      "sn": "00000888",
      "symbol": "KANR",
      "transferable": 1,
    },
    "6-8eaf04151694f26a48-KANARIAGEMS-KANR-00000999": Object {
      "block": 6,
      "burned": "",
      "changes": Array [],
      "children": Array [
        Object {
          "equipped": "",
          "id": "4-d43593c715a56da27d-KANARIABIRDS-KANR-00000888",
          "pending": true,
        },
      ],
      "collection": "8eaf04151694f26a48-KANARIAGEMS",
      "forsale": 0n,
      "id": "6-8eaf04151694f26a48-KANARIAGEMS-KANR-00000999",
      "metadata": undefined,
      "owner": "FoQJpPyadYccjavVdTWxpxU7rUEaYhfLCPwXgkfD6Zat9QP",
      "pending": false,
      "priority": Array [],
      "properties": Object {},
      "reactions": Object {},
      "resources": Array [],
      "rootowner": "FoQJpPyadYccjavVdTWxpxU7rUEaYhfLCPwXgkfD6Zat9QP",
      "sn": "00000999",
      "symbol": "KANR",
      "transferable": 1,
    },
  },
}
`;

exports[`rmrk2.0.0 Consolidator: Send NFT to other NFT rootowner should be updated recursivly 1`] = `
Object {
  "bases": Object {},
  "collections": Object {
    "d43593c715a56da27d-KANARIABIRDS": Collection {
      "block": 2,
      "changes": Array [],
      "id": "d43593c715a56da27d-KANARIABIRDS",
      "issuer": "HNZata7iMYWmk5RvZRTiAsSDhV8366zq2YGb3tLH5Upf74F",
      "max": 0,
      "metadata": "https://some.url",
      "symbol": "KANARIABIRDS",
    },
  },
  "invalid": Array [],
  "nfts": Object {
    "3-d43593c715a56da27d-KANARIABIRDS-KANR-00000777": Object {
      "block": 3,
      "burned": "",
      "changes": Array [
        Object {
          "block": 6,
          "caller": "HNZata7iMYWmk5RvZRTiAsSDhV8366zq2YGb3tLH5Upf74F",
          "field": "owner",
          "new": "FoQJpPyadYccjavVdTWxpxU7rUEaYhfLCPwXgkfD6Zat9QP",
          "old": "HNZata7iMYWmk5RvZRTiAsSDhV8366zq2YGb3tLH5Upf74F",
          "opType": "SEND",
        },
      ],
      "children": Array [
        Object {
          "equipped": "",
          "id": "4-d43593c715a56da27d-KANARIABIRDS-KANR-00000888",
          "pending": false,
        },
      ],
      "collection": "d43593c715a56da27d-KANARIABIRDS",
      "forsale": 0n,
      "id": "3-d43593c715a56da27d-KANARIABIRDS-KANR-00000777",
      "metadata": undefined,
      "owner": "FoQJpPyadYccjavVdTWxpxU7rUEaYhfLCPwXgkfD6Zat9QP",
      "pending": false,
      "priority": Array [],
      "properties": Object {},
      "reactions": Object {},
      "resources": Array [],
      "rootowner": "FoQJpPyadYccjavVdTWxpxU7rUEaYhfLCPwXgkfD6Zat9QP",
      "sn": "00000777",
      "symbol": "KANR",
      "transferable": 1,
    },
    "4-d43593c715a56da27d-KANARIABIRDS-KANR-00000888": Object {
      "block": 4,
      "burned": "",
      "changes": Array [],
      "children": Array [
        Object {
          "equipped": "",
          "id": "5-d43593c715a56da27d-KANARIABIRDS-KANR-00000999",
          "pending": false,
        },
      ],
      "collection": "d43593c715a56da27d-KANARIABIRDS",
      "forsale": 0n,
      "id": "4-d43593c715a56da27d-KANARIABIRDS-KANR-00000888",
      "metadata": undefined,
      "owner": "3-d43593c715a56da27d-KANARIABIRDS-KANR-00000777",
      "pending": false,
      "priority": Array [],
      "properties": Object {},
      "reactions": Object {},
      "resources": Array [],
      "rootowner": "FoQJpPyadYccjavVdTWxpxU7rUEaYhfLCPwXgkfD6Zat9QP",
      "sn": "00000888",
      "symbol": "KANR",
      "transferable": 1,
    },
    "5-d43593c715a56da27d-KANARIABIRDS-KANR-00000999": Object {
      "block": 5,
      "burned": "",
      "changes": Array [],
      "children": Array [],
      "collection": "d43593c715a56da27d-KANARIABIRDS",
      "forsale": 0n,
      "id": "5-d43593c715a56da27d-KANARIABIRDS-KANR-00000999",
      "metadata": undefined,
      "owner": "4-d43593c715a56da27d-KANARIABIRDS-KANR-00000888",
      "pending": false,
      "priority": Array [],
      "properties": Object {},
      "reactions": Object {},
      "resources": Array [],
      "rootowner": "FoQJpPyadYccjavVdTWxpxU7rUEaYhfLCPwXgkfD6Zat9QP",
      "sn": "00000999",
      "symbol": "KANR",
      "transferable": 1,
    },
  },
}
`;
